stack overflow, try to reduce recursion, or set --max-stack to bigger value
    issue23.jsonnet:1:1-26: import "issue23.jsonnet"
    issue23.jsonnet:1:1-26: import "issue23.jsonnet"
    issue23.jsonnet:1:1-26: import "issue23.jsonnet"
    issue23.jsonnet:1:1-26: import "issue23.jsonnet"
    issue23.jsonnet:1:1-26: import "issue23.jsonnet"
    issue23.jsonnet:1:1-26: import "issue23.jsonnet"
    issue23.jsonnet:1:1-26: import "issue23.jsonnet"
    issue23.jsonnet:1:1-26: import "issue23.jsonnet"
    issue23.jsonnet:1:1-26: import "issue23.jsonnet"
    issue23.jsonnet:1:1-26: import "issue23.jsonnet"
    issue23.jsonnet:1:1-26: import "issue23.jsonnet"
    issue23.jsonnet:1:1-26: import "issue23.jsonnet"
    issue23.jsonnet:1:1-26: import "issue23.jsonnet"
    issue23.jsonnet:1:1-26: import "issue23.jsonnet"
    issue23.jsonnet:1:1-26: import "issue23.jsonnet"
    issue23.jsonnet:1:1-26: import "issue23.jsonnet"
    issue23.jsonnet:1:1-26: import "issue23.jsonnet"
    issue23.jsonnet:1:1-26: import "issue23.jsonnet"
    issue23.jsonnet:1:1-26: import "issue23.jsonnet"
    issue23.jsonnet:1:1-26: import "issue23.jsonnet"